C:\Users\Mara\Downloads\Spigot\Spigot-Server\src\test\java\org\bukkit\craftbukkit\inventory\ItemStackSkullTest.java
C:\Users\Mara\Downloads\Spigot\Spigot-Server\src\test\java\org\bukkit\craftbukkit\inventory\ItemStackLoreEnchantmentTest.java
C:\Users\Mara\Downloads\Spigot\Spigot-Server\src\test\java\org\bukkit\map\MapTest.java
C:\Users\Mara\Downloads\Spigot\Spigot-Server\src\test\java\org\bukkit\PerMaterialTest.java
C:\Users\Mara\Downloads\Spigot\Spigot-Server\src\test\java\org\bukkit\StructureTypeTest.java
C:\Users\Mara\Downloads\Spigot\Spigot-Server\src\test\java\org\bukkit\entity\TropicalFishTest.java
C:\Users\Mara\Downloads\Spigot\Spigot-Server\src\test\java\org\bukkit\craftbukkit\inventory\ItemStackFireworkTest.java
C:\Users\Mara\Downloads\Spigot\Spigot-Server\src\test\java\org\bukkit\LegacyTest.java
C:\Users\Mara\Downloads\Spigot\Spigot-Server\src\test\java\org\bukkit\entity\memory\CraftMemoryKeyTest.java
C:\Users\Mara\Downloads\Spigot\Spigot-Server\src\test\java\org\bukkit\entity\PandaGeneTest.java
C:\Users\Mara\Downloads\Spigot\Spigot-Server\src\test\java\org\bukkit\craftbukkit\inventory\ItemStackEnchantStorageTest.java
C:\Users\Mara\Downloads\Spigot\Spigot-Server\src\test\java\org\bukkit\craftbukkit\inventory\ItemMetaImplementationOverrideTest.java
C:\Users\Mara\Downloads\Spigot\Spigot-Server\src\test\java\org\bukkit\support\DummyServer.java
C:\Users\Mara\Downloads\Spigot\Spigot-Server\src\test\java\org\bukkit\craftbukkit\inventory\ItemStackLeatherTest.java
C:\Users\Mara\Downloads\Spigot\Spigot-Server\src\test\java\org\bukkit\EvilTest.java
C:\Users\Mara\Downloads\Spigot\Spigot-Server\src\test\java\org\bukkit\SoundTest.java
C:\Users\Mara\Downloads\Spigot\Spigot-Server\src\test\java\org\bukkit\MaterialTest.java
C:\Users\Mara\Downloads\Spigot\Spigot-Server\src\test\java\org\bukkit\DyeColorsTest.java
C:\Users\Mara\Downloads\Spigot\Spigot-Server\src\test\java\org\bukkit\craftbukkit\generator\ChunkDataTest.java
C:\Users\Mara\Downloads\Spigot\Spigot-Server\src\test\java\org\bukkit\craftbukkit\inventory\DeprecatedItemMetaCustomValueTest.java
C:\Users\Mara\Downloads\Spigot\Spigot-Server\src\test\java\org\bukkit\NibbleArrayTest.java
C:\Users\Mara\Downloads\Spigot\Spigot-Server\src\test\java\org\bukkit\ChatTest.java
C:\Users\Mara\Downloads\Spigot\Spigot-Server\src\test\java\org\bukkit\craftbukkit\inventory\ItemStackMapTest.java
C:\Users\Mara\Downloads\Spigot\Spigot-Server\src\test\java\org\bukkit\craftbukkit\inventory\PersistentDataContainerTest.java
C:\Users\Mara\Downloads\Spigot\Spigot-Server\src\test\java\org\bukkit\WorldTypeTest.java
C:\Users\Mara\Downloads\Spigot\Spigot-Server\src\test\java\org\bukkit\ArtTest.java
C:\Users\Mara\Downloads\Spigot\Spigot-Server\src\test\java\org\bukkit\craftbukkit\inventory\ItemStackBookTest.java
C:\Users\Mara\Downloads\Spigot\Spigot-Server\src\test\java\org\bukkit\BiomeTest.java
C:\Users\Mara\Downloads\Spigot\Spigot-Server\src\test\java\org\bukkit\support\AbstractTestingBase.java
C:\Users\Mara\Downloads\Spigot\Spigot-Server\src\test\java\org\bukkit\support\Matchers.java
C:\Users\Mara\Downloads\Spigot\Spigot-Server\src\test\java\org\bukkit\craftbukkit\inventory\PlayerInventoryTest.java
C:\Users\Mara\Downloads\Spigot\Spigot-Server\src\test\java\org\bukkit\support\Util.java
C:\Users\Mara\Downloads\Spigot\Spigot-Server\src\test\java\org\bukkit\EnchantmentTest.java
C:\Users\Mara\Downloads\Spigot\Spigot-Server\src\test\java\org\bukkit\craftbukkit\inventory\ItemMetaCloneTest.java
C:\Users\Mara\Downloads\Spigot\Spigot-Server\src\test\java\org\bukkit\ParticleTest.java
C:\Users\Mara\Downloads\Spigot\Spigot-Server\src\test\java\org\bukkit\craftbukkit\inventory\ItemStackTest.java
C:\Users\Mara\Downloads\Spigot\Spigot-Server\src\test\java\org\bukkit\entity\EntityTypesTest.java
C:\Users\Mara\Downloads\Spigot\Spigot-Server\src\test\java\org\bukkit\potion\PotionTest.java
C:\Users\Mara\Downloads\Spigot\Spigot-Server\src\test\java\org\bukkit\support\DummyEnchantments.java
C:\Users\Mara\Downloads\Spigot\Spigot-Server\src\test\java\org\bukkit\entity\EnderDragonPhaseTest.java
C:\Users\Mara\Downloads\Spigot\Spigot-Server\src\test\java\org\bukkit\craftbukkit\inventory\ItemFactoryTest.java
C:\Users\Mara\Downloads\Spigot\Spigot-Server\src\test\java\org\bukkit\craftbukkit\inventory\FactoryItemMaterialTest.java
C:\Users\Mara\Downloads\Spigot\Spigot-Server\src\test\java\org\bukkit\StatisticsAndAchievementsTest.java
C:\Users\Mara\Downloads\Spigot\Spigot-Server\src\test\java\org\bukkit\BlockDataTest.java
C:\Users\Mara\Downloads\Spigot\Spigot-Server\src\test\java\org\bukkit\craftbukkit\inventory\CompositeSerialization.java
C:\Users\Mara\Downloads\Spigot\Spigot-Server\src\test\java\org\bukkit\LootTablesTest.java
C:\Users\Mara\Downloads\Spigot\Spigot-Server\src\test\java\org\bukkit\craftbukkit\inventory\ItemStackPotionsTest.java
C:\Users\Mara\Downloads\Spigot\Spigot-Server\src\test\java\org\bukkit\GameRuleTest.java
C:\Users\Mara\Downloads\Spigot\Spigot-Server\src\test\java\org\bukkit\block\banner\PatternTypeTest.java
C:\Users\Mara\Downloads\Spigot\Spigot-Server\src\test\java\org\bukkit\craftbukkit\inventory\ItemMetaTest.java
C:\Users\Mara\Downloads\Spigot\Spigot-Server\src\test\java\org\bukkit\craftbukkit\inventory\ItemStackFireworkChargeTest.java
C:\Users\Mara\Downloads\Spigot\Spigot-Server\src\test\java\org\bukkit\craftbukkit\inventory\NMSCraftItemStackTest.java
C:\Users\Mara\Downloads\Spigot\Spigot-Server\src\test\java\org\bukkit\BlockDataConversionTest.java
